============================= test session starts =============================
platform win32 -- Python 3.13.14, pytest-9.1.1, pluggy-1.6.0 -- C:\Users\vasan\AppData\Local\Programs\Python\Python313\python.exe
cachedir: .pytest_cache
rootdir: C:\Users\vasan\OneDrive\Desktop\timetable\time\backend
plugins: anyio-4.14.2
collecting ... collected 2 items

tests/test_faculty.py::test_create_faculty_duplicate_employee_id PASSED  [ 50%]
tests/test_faculty.py::test_create_scheduling_profile_invalid_workload PASSED [100%]

============================== warnings summary ===============================
core\config.py:7
  C:\Users\vasan\OneDrive\Desktop\timetable\time\backend\core\config.py:7: PydanticDeprecatedSince20: Support for class-based `config` is deprecated, use ConfigDict instead. Deprecated in Pydantic V2.0 to be removed in V3.0. See Pydantic V2 Migration Guide at https://errors.pydantic.dev/2.13/migration/
    class Settings(BaseSettings):

core\database.py:21
  C:\Users\vasan\OneDrive\Desktop\timetable\time\backend\core\database.py:21: MovedIn20Warning: The ``declarative_base()`` function is now available as sqlalchemy.orm.declarative_base(). (deprecated since: 2.0) (Background on SQLAlchemy 2.0 at: https://sqlalche.me/e/b8d9)
    Base = declarative_base()

schemas\faculty.py:34
  C:\Users\vasan\OneDrive\Desktop\timetable\time\backend\schemas\faculty.py:34: PydanticDeprecatedSince20: Support for class-based `config` is deprecated, use ConfigDict instead. Deprecated in Pydantic V2.0 to be removed in V3.0. See Pydantic V2 Migration Guide at https://errors.pydantic.dev/2.13/migration/
    class FacultyResponse(FacultyBase):

schemas\faculty.py:61
  C:\Users\vasan\OneDrive\Desktop\timetable\time\backend\schemas\faculty.py:61: PydanticDeprecatedSince20: Support for class-based `config` is deprecated, use ConfigDict instead. Deprecated in Pydantic V2.0 to be removed in V3.0. See Pydantic V2 Migration Guide at https://errors.pydantic.dev/2.13/migration/
    class SchedulingProfileResponse(SchedulingProfileBase):

schemas\faculty.py:84
  C:\Users\vasan\OneDrive\Desktop\timetable\time\backend\schemas\faculty.py:84: PydanticDeprecatedSince20: Support for class-based `config` is deprecated, use ConfigDict instead. Deprecated in Pydantic V2.0 to be removed in V3.0. See Pydantic V2 Migration Guide at https://errors.pydantic.dev/2.13/migration/
    class AvailabilityResponse(AvailabilityBase):

schemas\faculty.py:107
  C:\Users\vasan\OneDrive\Desktop\timetable\time\backend\schemas\faculty.py:107: PydanticDeprecatedSince20: Support for class-based `config` is deprecated, use ConfigDict instead. Deprecated in Pydantic V2.0 to be removed in V3.0. See Pydantic V2 Migration Guide at https://errors.pydantic.dev/2.13/migration/
    class LeaveResponse(LeaveBase):

-- Docs: https://docs.pytest.org/en/stable/how-to/capture-warnings.html
======================== 2 passed, 6 warnings in 1.43s ========================
